Microchip MPLAB XC8 Compiler V3.10

Linker command line:

-W-3 \
  --edf=C:\Program Files\Microchip\xc8\v3.10\pic\dat\20250813170317_en.msgs \
  -cn -h+dist/default/debug\digital_clock.X.debug.sym \
  --cmf=dist/default/debug\digital_clock.X.debug.cmf -z -Q16F877A \
  -oC:\Users\girid\AppData\Local\Temp\xcAs30w.0\driver_tmp_3.o \
  --defsym=__MPLAB_BUILD=1 --fixupoverflow=error \
  -Mdist/default/debug/digital_clock.X.debug.map \
  --md=C:\Users\girid\AppData\Local\Temp\xcAs30w.0\driver_tmp_0.dat -E1 \
  -ver=XC8 Compiler -ACODE=00h-07FFhx4 -ASTRCODE=00h-01FFFh \
  -ASTRING=00h-0FFhx32 -ACONST=00h-0FFhx32 -AENTRY=00h-0FFhx32 \
  -ACOMMON=070h-07Fh -ABANK0=020h-06Fh -ABANK1=0A0h-0EFh \
  -ABANK2=0110h-016Fh -ABANK3=0190h-01EFh \
  -ARAM=020h-06Fh,0A0h-0EFh,0110h-016Fh,0190h-01EFh \
  -AABS1=020h-07Fh,0A0h-0EFh,0110h-016Fh,0190h-01EFh -ASFR0=00h-01Fh \
  -ASFR1=080h-09Fh -ASFR2=0100h-010Fh -ASFR3=0180h-018Fh \
  -ACONFIG=02007h-02007h -DCONFIG=2 -AIDLOC=02000h-02003h -DIDLOC=2 \
  -AEEDATA=00h-0FFh/02100h -peeprom_data=EEDATA -DEEDATA=2 -DCODE=2 \
  -DSTRCODE=2 -DSTRING=2 -DCONST=2 -DENTRY=2 \
  -preset_vec=00h,intentry,sivt,init,end_init -ppowerup=CODE -pcinit=CODE \
  -pfunctab=ENTRY -k \
  C:\Users\girid\AppData\Local\Temp\xcAs30w.0\driver_tmp_12.o \
  dist/default/debug\digital_clock.X.debug.o 

Object code version is 3.11

Machine type is 16F877A



                Name                               Link     Load   Length Selector   Space Scale
C:\Users\girid\AppData\Local\Temp\xcAs30w.0\driver_tmp_12.o
                end_init                              0        0        3        0       0
                config                             2007     2007        1        0       4
dist/default/debug\digital_clock.X.debug.o
                cinit                               7FC      7FC        4      FF8       0
                config                             2007     2007        1        0       4
                text9                               73C      73C        D      E78       0
                text8                               749      749        D      E92       0
                text7                               7A3      7A3       25      F46       0
                text6                               71F      71F        9      E3E       0
                text5                               728      728        9      E50       0
                text4                               731      731        B      E62       0
                text3                               756      756       13      EAC       0
                text2                               769      769       16      ED2       0
                text1                               7C8      7C8       34      F90       0
                maintext                            77F      77F       24      EFE       0
                cstackCOMMON                         70       70        9       70       1

TOTAL           Name                               Link     Load   Length     Space
        CLASS   CODE           
                end_init                              0        0        3         0
                cinit                               7FC      7FC        4         0
                text9                               73C      73C        D         0
                text8                               749      749        D         0
                text7                               7A3      7A3       25         0
                text6                               71F      71F        9         0
                text5                               728      728        9         0
                text4                               731      731        B         0
                text3                               756      756       13         0
                text2                               769      769       16         0
                text1                               7C8      7C8       34         0
                maintext                            77F      77F       24         0

        CLASS   STRCODE        

        CLASS   STRING         

        CLASS   CONST          

        CLASS   ENTRY          

        CLASS   COMMON         
                cstackCOMMON                         70       70        9         1

        CLASS   BANK0          

        CLASS   BANK1          

        CLASS   BANK2          

        CLASS   BANK3          

        CLASS   RAM            

        CLASS   ABS1           
                abs_s1                               7E       7E        2         1

        CLASS   SFR0           

        CLASS   SFR1           

        CLASS   SFR2           

        CLASS   SFR3           

        CLASS   CONFIG         
                config                             2007     2007        1         4

        CLASS   IDLOC          

        CLASS   EEDATA         

        CLASS   HEAP           

        CLASS   STACK          



SEGMENTS        Name                           Load    Length   Top    Selector   Space  Class     Delta

                reset_vec                      000000  000003  000003         0       0  CODE        2
                cstackCOMMON                   000070  000009  000079        70       1  COMMON      1
                text6                          00071F  000009  000728       E3E       0  CODE        2
                text5                          000728  000009  000731       E50       0  CODE        2
                text4                          000731  00000B  00073C       E62       0  CODE        2
                text9                          00073C  00000D  000749       E78       0  CODE        2
                text8                          000749  00000D  000756       E92       0  CODE        2
                text3                          000756  000013  000769       EAC       0  CODE        2
                text2                          000769  000016  00077F       ED2       0  CODE        2
                maintext                       00077F  000024  0007A3       EFE       0  CODE        2
                text7                          0007A3  000025  0007C8       F46       0  CODE        2
                text1                          0007C8  000034  0007FC       F90       0  CODE        2
                cinit                          0007FC  000004  000800       FF8       0  CODE        2


UNUSED ADDRESS RANGES

        Name                Unused          Largest block    Delta
        BANK0            0020-006F             50           1
        BANK1            00A0-00EF             50           1
        BANK2            0110-016F             60           1
        BANK3            0190-01EF             60           1
        CODE             0003-071E            71C           2
                         0800-1FFF            800
        COMMON           0079-007D              5           1
        CONST            0003-071E            100           2
                         0800-1FFF            100
        EEDATA           2100-21FF            100           2
        ENTRY            0003-071E            100           2
                         0800-1FFF            100
        IDLOC            2000-2003              4           2
        RAM              0020-006F             50           1
                         00A0-00EF             50
                         0110-016F             60
                         0190-01EF             60
        SFR0             0000-001F             20           1
        SFR1             0080-009F             20           1
        SFR2             0100-010F             10           1
        SFR3             0180-018F             10           1
        STRCODE          0003-071E            71C           2
                         0800-1FFF           1800
        STRING           0003-071E            100           2
                         0800-1FFF            100

                                  Symbol Table

I2C_Read@ack              cstackCOMMON 0070
I2C_Read@data             cstackCOMMON 0071
I2C_Write@data            cstackCOMMON 0070
RTC_Read_Seconds@sec      cstackCOMMON 0076
_ACKDT                    (abs)        048D
_ACKEN                    (abs)        048C
_ADCON1                   (abs)        009F
_I2C_Init                 text9        073C
_I2C_Read                 text7        07A3
_I2C_Start                text6        071F
_I2C_Stop                 text5        0728
_I2C_Wait                 text8        0749
_I2C_Write                text4        0731
_PEN                      (abs)        048A
_RCEN                     (abs)        048B
_RD0                      (abs)        0040
_RTC_Read_Seconds         text1        07C8
_SEN                      (abs)        0488
_SSPADD                   (abs)        0093
_SSPBUF                   (abs)        0013
_SSPCON                   (abs)        0014
_SSPCON2                  (abs)        0091
_SSPSTAT                  (abs)        0094
_TRISC3                   (abs)        043B
_TRISC4                   (abs)        043C
_TRISD0                   (abs)        0440
__H__absolute__           __absolute__ 0000
__Habs1                   abs1         0000
__Hbank0                  bank0        0000
__Hbank1                  bank1        0000
__Hbank2                  bank2        0000
__Hbank3                  bank3        0000
__Hcinit                  cinit        0800
__Hclrtext                clrtext      0000
__Hcode                   code         0000
__Hcommon                 common       0000
__Hconfig                 config       2008
__HcstackCOMMON           cstackCOMMON 0000
__Heeprom_data            eeprom_data  0000
__Hend_init               end_init     0003
__Hfunctab                functab      0000
__Hheap                   heap         0000
__Hinit                   init         0000
__Hintentry               intentry     0000
__Hmaintext               maintext     0000
__Hpowerup                powerup      0000
__Hram                    ram          0000
__Hreset_vec              reset_vec    0000
__Hsfr0                   sfr0         0000
__Hsfr1                   sfr1         0000
__Hsfr2                   sfr2         0000
__Hsfr3                   sfr3         0000
__Hsivt                   sivt         0000
__Hspace_0                (abs)        0800
__Hspace_1                (abs)        0079
__Hspace_2                (abs)        0000
__Hspace_3                (abs)        0000
__Hspace_4                (abs)        400F
__Hstack                  stack        0000
__Hstrings                strings      0000
__Htext                   text         0000
__L__absolute__           __absolute__ 0000
__Labs1                   abs1         0000
__Lbank0                  bank0        0000
__Lbank1                  bank1        0000
__Lbank2                  bank2        0000
__Lbank3                  bank3        0000
__Lcinit                  cinit        07FC
__Lclrtext                clrtext      0000
__Lcode                   code         0000
__Lcommon                 common       0000
__Lconfig                 config       0000
__LcstackCOMMON           cstackCOMMON 0000
__Leeprom_data            eeprom_data  0000
__Lend_init               end_init     0000
__Lfunctab                functab      0000
__Lheap                   heap         0000
__Linit                   init         0000
__Lintentry               intentry     0000
__Lmaintext               maintext     0000
__Lpowerup                powerup      0000
__Lram                    ram          0000
__Lreset_vec              reset_vec    0000
__Lsfr0                   sfr0         0000
__Lsfr1                   sfr1         0000
__Lsfr2                   sfr2         0000
__Lsfr3                   sfr3         0000
__Lsivt                   sivt         0000
__Lspace_0                (abs)        0000
__Lspace_1                (abs)        0000
__Lspace_2                (abs)        0000
__Lspace_3                (abs)        0000
__Lspace_4                (abs)        0000
__Lstack                  stack        0000
__Lstrings                strings      0000
__Ltext                   text         0000
__S0                      (abs)        0800
__S1                      (abs)        0079
__S3                      (abs)        0000
___bmul                   text3        0756
___bmul@multiplicand      cstackCOMMON 0070
___bmul@multiplier        cstackCOMMON 0072
___bmul@product           cstackCOMMON 0071
___heap_hi                (abs)        0000
___heap_lo                (abs)        0000
___int_sp                 stack        0000
___int_stack_hi           stack        0000
___int_stack_lo           stack        0000
___latbits                (abs)        0002
___sp                     stack        0000
___stack_hi               stack        0000
___stack_lo               stack        0000
___stackhi                (abs)        0000
___stacklo                (abs)        0000
__end_of_I2C_Init         text9        0749
__end_of_I2C_Read         text7        07C8
__end_of_I2C_Start        text6        0728
__end_of_I2C_Stop         text5        0731
__end_of_I2C_Wait         text8        0756
__end_of_I2C_Write        text4        073C
__end_of_RTC_Read_Seconds text1        07FC
__end_of___bmul           text3        0769
__end_of__initialization  cinit        07FC
__end_of_bcd2dec          text2        077F
__end_of_main             maintext     07A3
__initialization          cinit        07FC
__pcstackCOMMON           cstackCOMMON 0070
__pmaintext               maintext     077F
__ptext1                  text1        07C8
__ptext2                  text2        0769
__ptext3                  text3        0756
__ptext4                  text4        0731
__ptext5                  text5        0728
__ptext6                  text6        071F
__ptext7                  text7        07A3
__ptext8                  text8        0749
__ptext9                  text9        073C
_bcd2dec                  text2        0769
_main                     maintext     077F
bcd2dec@v                 cstackCOMMON 0075
btemp                     (abs)        007E
btemp0                    (abs)        007E
btemp1                    (abs)        007F
end_of_initialization     cinit        07FC
intlevel0                 functab      0000
intlevel1                 functab      0000
intlevel2                 functab      0000
intlevel3                 functab      0000
intlevel4                 functab      0000
intlevel5                 functab      0000
ltemp0a                   (abs)        0080
main@prev_sec             cstackCOMMON 0077
main@sec                  cstackCOMMON 0078
reset_vec                 reset_vec    0000
start                     init         0000
start_initialization      cinit        07FC
ttemp0a                   (abs)        007F
wtemp0                    (abs)        007E
wtemp0a                   (abs)        007F


MODULE INFORMATION

Module		Function		Class		Link	Load	Size
digital_clock.c
		_main          		CODE           	077F	0000	36
		_I2C_Write     		CODE           	0731	0000	11
		_I2C_Stop      		CODE           	0728	0000	9
		_I2C_Wait      		CODE           	0749	0000	13
		_RTC_Read_Seconds		CODE           	07C8	0000	52
		_I2C_Read      		CODE           	07A3	0000	37
		_I2C_Init      		CODE           	073C	0000	13
		_I2C_Start     		CODE           	071F	0000	9
		_bcd2dec       		CODE           	0769	0000	22

digital_clock.c estimated size: 202

C:\Program Files\Microchip\xc8\v3.10\pic\sources\c99\common\Umul8.c
		___bmul        		CODE           	0756	0000	19

C:\Program Files\Microchip\xc8\v3.10\pic\sources\c99\common\Umul8.c estimated size: 19

shared
		__initialization		CODE           	07FC	0000	1

shared estimated size: 1

