Microchip MPLAB XC8 Compiler V3.10

Linker command line:

-W-3 \
  --edf=C:\Program Files\Microchip\xc8\v3.10\pic\dat\20250813170317_en.msgs \
  -cn -h+dist/default/production\digital_clock.X.production.sym \
  --cmf=dist/default/production\digital_clock.X.production.cmf -z -Q16F877A \
  -oC:\Users\girid\AppData\Local\Temp\xcAs86w.0\driver_tmp_3.o \
  --defsym=__MPLAB_BUILD=1 --fixupoverflow=error \
  -Mdist/default/production/digital_clock.X.production.map \
  --md=C:\Users\girid\AppData\Local\Temp\xcAs86w.0\driver_tmp_0.dat -E1 \
  -ver=XC8 Compiler -ACODE=00h-07FFhx4 -ASTRCODE=00h-01FFFh \
  -ASTRING=00h-0FFhx32 -ACONST=00h-0FFhx32 -AENTRY=00h-0FFhx32 \
  -ACOMMON=070h-07Fh -ABANK0=020h-06Fh -ABANK1=0A0h-0EFh \
  -ABANK2=0110h-016Fh -ABANK3=0190h-01EFh \
  -ARAM=020h-06Fh,0A0h-0EFh,0110h-016Fh,0190h-01EFh \
  -AABS1=020h-07Fh,0A0h-0EFh,0110h-016Fh,0190h-01EFh -ASFR0=00h-01Fh \
  -ASFR1=080h-09Fh -ASFR2=0100h-010Fh -ASFR3=0180h-018Fh \
  -ACONFIG=02007h-02007h -DCONFIG=2 -AIDLOC=02000h-02003h -DIDLOC=2 \
  -AEEDATA=00h-0FFh/02100h -peeprom_data=EEDATA -DEEDATA=2 -DCODE=2 \
  -DSTRCODE=2 -DSTRING=2 -DCONST=2 -DENTRY=2 \
  -preset_vec=00h,intentry,sivt,init,end_init -ppowerup=CODE -pcinit=CODE \
  -pfunctab=ENTRY -k \
  C:\Users\girid\AppData\Local\Temp\xcAs86w.0\driver_tmp_12.o \
  dist/default/production\digital_clock.X.production.o 

Object code version is 3.11

Machine type is 16F877A



                Name                               Link     Load   Length Selector   Space Scale
C:\Users\girid\AppData\Local\Temp\xcAs86w.0\driver_tmp_12.o
                end_init                              0        0        3        0       0
                config                             2007     2007        1        0       4
dist/default/production\digital_clock.X.production.o
                cinit                               7F0      7F0       10      FE0       0
                config                             2007     2007        1        0       4
                text17                              401      401        D      802       0
                text16                              40E      40E        D      81C       0
                text15                              3E4      3E4        9      7C8       0
                text14                              3ED      3ED        9      7DA       0
                text13                              3F6      3F6        B      7EC       0
                text12                              455      455       19      8AA       0
                text11                              48A      48A       22      914       0
                text10                              4F5      4F5       28      9EA       0
                text9                               41B      41B       11      836       0
                text8                               4AC      4AC       24      958       0
                text7                               46E      46E       1C      8DC       0
                text6                               42C      42C       13      858       0
                text5                               43F      43F       16      87E       0
                text4                               4D0      4D0       25      9A0       0
                text3                               5D7      5D7       87      BAE       0
                text2                               574      574       63      AE8       0
                text1                               51D      51D       57      A3A       0
                maintext                            65E      65E      192      CBC       0
                cstackBANK0                          20       20        9       20       1
                cstackCOMMON                         70       70        C       70       1
                dataCOMMON                           7C       7C        2       70       1
                strings                               3        3       12        6       0
                idataCOMMON                         3E2      3E2        2      7C4       0

TOTAL           Name                               Link     Load   Length     Space
        CLASS   CODE           
                end_init                              0        0        3         0
                cinit                               7F0      7F0       10         0
                text17                              401      401        D         0
                text16                              40E      40E        D         0
                text15                              3E4      3E4        9         0
                text14                              3ED      3ED        9         0
                text13                              3F6      3F6        B         0
                text12                              455      455       19         0
                text11                              48A      48A       22         0
                text10                              4F5      4F5       28         0
                text9                               41B      41B       11         0
                text8                               4AC      4AC       24         0
                text7                               46E      46E       1C         0
                text6                               42C      42C       13         0
                text5                               43F      43F       16         0
                text4                               4D0      4D0       25         0
                text3                               5D7      5D7       87         0
                text2                               574      574       63         0
                text1                               51D      51D       57         0
                maintext                            65E      65E      192         0
                idataCOMMON                         3E2      3E2        2         0

        CLASS   STRCODE        

        CLASS   STRING         
                strings                               3        3       12         0

        CLASS   CONST          

        CLASS   ENTRY          

        CLASS   COMMON         
                cstackCOMMON                         70       70        C         1
                dataCOMMON                           7C       7C        2         1

        CLASS   BANK0          
                cstackBANK0                          20       20        9         1

        CLASS   BANK1          

        CLASS   BANK2          

        CLASS   BANK3          

        CLASS   RAM            

        CLASS   ABS1           
                abs_s1                               7E       7E        2         1

        CLASS   SFR0           

        CLASS   SFR1           

        CLASS   SFR2           

        CLASS   SFR3           

        CLASS   CONFIG         
                config                             2007     2007        1         4

        CLASS   IDLOC          

        CLASS   EEDATA         

        CLASS   HEAP           

        CLASS   STACK          



SEGMENTS        Name                           Load    Length   Top    Selector   Space  Class     Delta

                reset_vec                      000000  000003  000003         0       0  CODE        2
                strings                        000003  000012  000015         6       0  STRING      2
                cstackBANK0                    000020  000009  000029        20       1  BANK0       1
                cstackCOMMON                   000070  00000E  00007E        70       1  COMMON      1
                idataCOMMON                    0003E2  000002  0003E4       7C4       0  CODE        2
                text15                         0003E4  000009  0003ED       7C8       0  CODE        2
                text14                         0003ED  000009  0003F6       7DA       0  CODE        2
                text13                         0003F6  00000B  000401       7EC       0  CODE        2
                text17                         000401  00000D  00040E       802       0  CODE        2
                text16                         00040E  00000D  00041B       81C       0  CODE        2
                text9                          00041B  000011  00042C       836       0  CODE        2
                text6                          00042C  000013  00043F       858       0  CODE        2
                text5                          00043F  000016  000455       87E       0  CODE        2
                text12                         000455  000019  00046E       8AA       0  CODE        2
                text7                          00046E  00001C  00048A       8DC       0  CODE        2
                text11                         00048A  000022  0004AC       914       0  CODE        2
                text8                          0004AC  000024  0004D0       958       0  CODE        2
                text4                          0004D0  000025  0004F5       9A0       0  CODE        2
                text10                         0004F5  000028  00051D       9EA       0  CODE        2
                text1                          00051D  000057  000574       A3A       0  CODE        2
                text2                          000574  000063  0005D7       AE8       0  CODE        2
                text3                          0005D7  000087  00065E       BAE       0  CODE        2
                maintext                       00065E  000192  0007F0       CBC       0  CODE        2
                cinit                          0007F0  000010  000800       FE0       0  CODE        2


UNUSED ADDRESS RANGES

        Name                Unused          Largest block    Delta
        BANK0            0029-006F             47           1
        BANK1            00A0-00EF             50           1
        BANK2            0110-016F             60           1
        BANK3            0190-01EF             60           1
        CODE             0015-03E1            3CD           2
                         0800-1FFF            800
        CONST            0015-03E1            100           2
                         0800-1FFF            100
        EEDATA           2100-21FF            100           2
        ENTRY            0015-03E1            100           2
                         0800-1FFF            100
        IDLOC            2000-2003              4           2
        RAM              0029-006F             47           1
                         00A0-00EF             50
                         0110-016F             60
                         0190-01EF             60
        SFR0             0000-001F             20           1
        SFR1             0080-009F             20           1
        SFR2             0100-010F             10           1
        SFR3             0180-018F             10           1
        STRCODE          0015-03E1            3CD           2
                         0800-1FFF           1800
        STRING           0015-03E1            100           2
                         0800-1FFF            100

                                  Symbol Table

?___awdiv                cstackCOMMON 0070
?___awmod                cstackCOMMON 0070
BCD_to_DEC@val           cstackCOMMON 0075
I2C_Read@ack             cstackCOMMON 0070
I2C_Read@data            cstackCOMMON 0071
I2C_Write@data           cstackCOMMON 0070
LCD_Char@data            cstackCOMMON 007A
LCD_Command@cmd          cstackCOMMON 0074
LCD_Send@data            cstackCOMMON 0071
LCD_SetCursor@F1027      dataCOMMON   007C
LCD_SetCursor@col        cstackCOMMON 0075
LCD_SetCursor@pos        cstackCOMMON 0076
LCD_SetCursor@row        cstackCOMMON 0078
LCD_String@str           cstackCOMMON 007B
RTC_Read@d               cstackCOMMON 0079
RTC_Read@h               cstackCOMMON 0076
RTC_Read@m               cstackCOMMON 0077
RTC_Read@mo              cstackCOMMON 007A
RTC_Read@s               cstackCOMMON 0078
RTC_Read@y               cstackCOMMON 007B
_ACKDT                   (abs)        048D
_ACKEN                   (abs)        048C
_BCD_to_DEC              text5        043F
_I2C_Init                text17       0401
_I2C_Read                text4        04D0
_I2C_Start               text15       03E4
_I2C_Stop                text14       03ED
_I2C_Wait                text16       040E
_I2C_Write               text13       03F6
_LCD_Char                text8        04AC
_LCD_Command             text11       048A
_LCD_Init                text10       04F5
_LCD_Send                text12       0455
_LCD_SetCursor           text9        041B
_LCD_String              text7        046E
_PEN                     (abs)        048A
_RCEN                    (abs)        048B
_RTC_Read                text3        05D7
_SEN                     (abs)        0488
_SSPADD                  (abs)        0093
_SSPBUF                  (abs)        0013
_SSPCON                  (abs)        0014
_SSPCON2                 (abs)        0091
_SSPSTAT                 (abs)        0094
_TRISC                   (abs)        0087
_TRISC3                  (abs)        043B
_TRISC4                  (abs)        043C
__H__absolute__          __absolute__ 0000
__Habs1                  abs1         0000
__Hbank0                 bank0        0000
__Hbank1                 bank1        0000
__Hbank2                 bank2        0000
__Hbank3                 bank3        0000
__Hcinit                 cinit        0800
__Hclrtext               clrtext      0000
__Hcode                  code         0000
__Hcommon                common       0000
__Hconfig                config       2008
__HcstackBANK0           cstackBANK0  0000
__HcstackCOMMON          cstackCOMMON 0000
__HdataCOMMON            dataCOMMON   0000
__Heeprom_data           eeprom_data  0000
__Hend_init              end_init     0003
__Hfunctab               functab      0000
__Hheap                  heap         0000
__HidataCOMMON           idataCOMMON  0000
__Hinit                  init         0000
__Hintentry              intentry     0000
__Hmaintext              maintext     0000
__Hpowerup               powerup      0000
__Hram                   ram          0000
__Hreset_vec             reset_vec    0000
__Hsfr0                  sfr0         0000
__Hsfr1                  sfr1         0000
__Hsfr2                  sfr2         0000
__Hsfr3                  sfr3         0000
__Hsivt                  sivt         0000
__Hspace_0               (abs)        0800
__Hspace_1               (abs)        007E
__Hspace_2               (abs)        0000
__Hspace_3               (abs)        0000
__Hspace_4               (abs)        400F
__Hstack                 stack        0000
__Hstrings               strings      0000
__Htext                  text         0000
__L__absolute__          __absolute__ 0000
__Labs1                  abs1         0000
__Lbank0                 bank0        0000
__Lbank1                 bank1        0000
__Lbank2                 bank2        0000
__Lbank3                 bank3        0000
__Lcinit                 cinit        07F0
__Lclrtext               clrtext      0000
__Lcode                  code         0000
__Lcommon                common       0000
__Lconfig                config       0000
__LcstackBANK0           cstackBANK0  0000
__LcstackCOMMON          cstackCOMMON 0000
__LdataCOMMON            dataCOMMON   0000
__Leeprom_data           eeprom_data  0000
__Lend_init              end_init     0000
__Lfunctab               functab      0000
__Lheap                  heap         0000
__LidataCOMMON           idataCOMMON  0000
__Linit                  init         0000
__Lintentry              intentry     0000
__Lmaintext              maintext     0000
__Lpowerup               powerup      0000
__Lram                   ram          0000
__Lreset_vec             reset_vec    0000
__Lsfr0                  sfr0         0000
__Lsfr1                  sfr1         0000
__Lsfr2                  sfr2         0000
__Lsfr3                  sfr3         0000
__Lsivt                  sivt         0000
__Lspace_0               (abs)        0000
__Lspace_1               (abs)        0000
__Lspace_2               (abs)        0000
__Lspace_3               (abs)        0000
__Lspace_4               (abs)        0000
__Lstack                 stack        0000
__Lstrings               strings      0000
__Ltext                  text         0000
__S0                     (abs)        0800
__S1                     (abs)        007E
__S3                     (abs)        0000
___awdiv                 text2        0574
___awdiv@counter         cstackCOMMON 0074
___awdiv@dividend        cstackCOMMON 0072
___awdiv@divisor         cstackCOMMON 0070
___awdiv@quotient        cstackCOMMON 0076
___awdiv@sign            cstackCOMMON 0075
___awmod                 text1        051D
___awmod@counter         cstackCOMMON 0074
___awmod@dividend        cstackCOMMON 0072
___awmod@divisor         cstackCOMMON 0070
___awmod@sign            cstackCOMMON 0075
___bmul                  text6        042C
___bmul@multiplicand     cstackCOMMON 0070
___bmul@multiplier       cstackCOMMON 0072
___bmul@product          cstackCOMMON 0071
___heap_hi               (abs)        0000
___heap_lo               (abs)        0000
___int_sp                stack        0000
___int_stack_hi          stack        0000
___int_stack_lo          stack        0000
___latbits               (abs)        0002
___sp                    stack        0000
___stack_hi              stack        0000
___stack_lo              stack        0000
___stackhi               (abs)        0000
___stacklo               (abs)        0000
__end_of_BCD_to_DEC      text5        0455
__end_of_I2C_Init        text17       040E
__end_of_I2C_Read        text4        04F5
__end_of_I2C_Start       text15       03ED
__end_of_I2C_Stop        text14       03F6
__end_of_I2C_Wait        text16       041B
__end_of_I2C_Write       text13       0401
__end_of_LCD_Char        text8        04D0
__end_of_LCD_Command     text11       04AC
__end_of_LCD_Init        text10       051D
__end_of_LCD_Send        text12       046E
__end_of_LCD_SetCursor   text9        042C
__end_of_LCD_String      text7        048A
__end_of_RTC_Read        text3        065E
__end_of___awdiv         text2        05D7
__end_of___awmod         text1        0574
__end_of___bmul          text6        043F
__end_of__initialization cinit        07FC
__end_of__stringtab      strings      0009
__end_of_main            maintext     07F0
__initialization         cinit        07F0
__pcstackBANK0           cstackBANK0  0020
__pcstackCOMMON          cstackCOMMON 0070
__pdataCOMMON            dataCOMMON   007C
__pidataCOMMON           idataCOMMON  03E2
__pmaintext              maintext     065E
__pstrings               strings      0003
__ptext1                 text1        051D
__ptext10                text10       04F5
__ptext11                text11       048A
__ptext12                text12       0455
__ptext13                text13       03F6
__ptext14                text14       03ED
__ptext15                text15       03E4
__ptext16                text16       040E
__ptext17                text17       0401
__ptext2                 text2        0574
__ptext3                 text3        05D7
__ptext4                 text4        04D0
__ptext5                 text5        043F
__ptext6                 text6        042C
__ptext7                 text7        046E
__ptext8                 text8        04AC
__ptext9                 text9        041B
__stringbase             strings      0008
__stringtab              strings      0003
_main                    maintext     065E
btemp                    (abs)        007E
btemp0                   (abs)        007E
btemp1                   (abs)        007F
end_of_initialization    cinit        07FC
intlevel0                functab      0000
intlevel1                functab      0000
intlevel2                functab      0000
intlevel3                functab      0000
intlevel4                functab      0000
intlevel5                functab      0000
ltemp0a                  (abs)        0080
main@d                   cstackBANK0  0026
main@h                   cstackBANK0  0023
main@m                   cstackBANK0  0024
main@mo                  cstackBANK0  0027
main@s                   cstackBANK0  0025
main@y                   cstackBANK0  0028
reset_vec                reset_vec    0000
start                    init         0000
start_initialization     cinit        07F0
ttemp0a                  (abs)        007F
wtemp0                   (abs)        007E
wtemp0a                  (abs)        007F


MODULE INFORMATION

Module		Function		Class		Link	Load	Size
C:\Program Files\Microchip\xc8\v3.10\pic\sources\c99\common\awmod.c
		___awmod       		CODE           	051D	0000	87

C:\Program Files\Microchip\xc8\v3.10\pic\sources\c99\common\awmod.c estimated size: 87

digital_clock.c
		_LCD_String    		CODE           	046E	0000	28
		_LCD_Init      		CODE           	04F5	0000	40
		_LCD_Send      		CODE           	0455	0000	25
		_LCD_Command   		CODE           	048A	0000	34
		_main          		CODE           	065E	0000	402
		_RTC_Read      		CODE           	05D7	0000	135
		_LCD_SetCursor 		CODE           	041B	0000	17
		_I2C_Write     		CODE           	03F6	0000	11
		_LCD_Char      		CODE           	04AC	0000	36
		_I2C_Stop      		CODE           	03ED	0000	9
		_I2C_Wait      		CODE           	040E	0000	13
		_I2C_Read      		CODE           	04D0	0000	37
		_I2C_Init      		CODE           	0401	0000	13
		_BCD_to_DEC    		CODE           	043F	0000	22
		_I2C_Start     		CODE           	03E4	0000	9

digital_clock.c estimated size: 831

C:\Program Files\Microchip\xc8\v3.10\pic\sources\c99\common\awdiv.c
		___awdiv       		CODE           	0574	0000	99

C:\Program Files\Microchip\xc8\v3.10\pic\sources\c99\common\awdiv.c estimated size: 99

C:\Program Files\Microchip\xc8\v3.10\pic\sources\c99\common\Umul8.c
		___bmul        		CODE           	042C	0000	19

C:\Program Files\Microchip\xc8\v3.10\pic\sources\c99\common\Umul8.c estimated size: 19

shared
		__stringtab    		STRING         	0003	0000	6
		__initialization		CODE           	07F0	0000	12

shared estimated size: 18

